Сравнение файлов 7.out и 7.ANS
***** 7.out
Closing bracket expected at 1 32
***** 7.ANS
 +
 \-- *
 |   \-- +
 |   |   \-- a23
 |   |   \-- 14
 |   \-- 16
 \-- +
     \-- /
     |   \-- ff
     |   \-- 12
     \-- /
         \-- 14
         \-- *
             \-- 2
             \-- -
                 \-- 1
                 \-- 1
*****

